// Jest Snapshot v1, https://goo.gl/fbAQLP

exports[`CreatePollPage render CreatePollPage 1`] = `
<div>
  <div
    class="sc-aYaIB fseERr"
  >
    <p
      class="sc-gEvDqW enkQJm"
    >
      Would You Rather
    </p>
    <p
      class="sc-eqUzNf fgdwwx"
    >
      Create Your Own Poll
    </p>
    <form
      class="ant-form ant-form-vertical css-dev-only-do-not-override-m4timi sc-fqkwJk buqAUq"
      id="create_poll_form"
    >
      <div
        class="ant-form-item css-dev-only-do-not-override-m4timi"
      >
        <div
          class="ant-row ant-form-item-row css-dev-only-do-not-override-m4timi"
        >
          <div
            class="ant-col ant-form-item-label css-dev-only-do-not-override-m4timi"
          >
            <label
              class="ant-form-item-required"
              for="create_poll_form_firstOption"
              title="First Option"
            >
              First Option
            </label>
          </div>
          <div
            class="ant-col ant-form-item-control css-dev-only-do-not-override-m4timi"
          >
            <div
              class="ant-form-item-control-input"
            >
              <div
                class="ant-form-item-control-input-content"
              >
                <input
                  aria-required="true"
                  class="ant-input css-dev-only-do-not-override-m4timi ant-input-outlined"
                  id="create_poll_form_firstOption"
                  placeholder="Option One"
                  type="text"
                  value=""
                />
              </div>
            </div>
          </div>
        </div>
      </div>
      <div
        class="ant-form-item css-dev-only-do-not-override-m4timi"
      >
        <div
          class="ant-row ant-form-item-row css-dev-only-do-not-override-m4timi"
        >
          <div
            class="ant-col ant-form-item-label css-dev-only-do-not-override-m4timi"
          >
            <label
              class="ant-form-item-required"
              for="create_poll_form_secondOption"
              title="Second Option"
            >
              Second Option
            </label>
          </div>
          <div
            class="ant-col ant-form-item-control css-dev-only-do-not-override-m4timi"
          >
            <div
              class="ant-form-item-control-input"
            >
              <div
                class="ant-form-item-control-input-content"
              >
                <input
                  aria-required="true"
                  class="ant-input css-dev-only-do-not-override-m4timi ant-input-outlined"
                  id="create_poll_form_secondOption"
                  placeholder="Option Two"
                  type="text"
                  value=""
                />
              </div>
            </div>
          </div>
        </div>
      </div>
      <div
        class="ant-form-item css-dev-only-do-not-override-m4timi"
      >
        <div
          class="ant-row ant-form-item-row css-dev-only-do-not-override-m4timi"
        >
          <div
            class="ant-col ant-form-item-control css-dev-only-do-not-override-m4timi"
          >
            <div
              class="ant-form-item-control-input"
            >
              <div
                class="ant-form-item-control-input-content"
              >
                <button
                  class="ant-btn css-dev-only-do-not-override-m4timi ant-btn-primary"
                  type="submit"
                >
                  <span>
                    Submit
                  </span>
                </button>
              </div>
            </div>
          </div>
        </div>
      </div>
    </form>
  </div>
</div>
`;
