// Jest Snapshot v1, https://goo.gl/fbAQLP

exports[`Login render login 1`] = `
<div>
  <div
    class="sc-aYaIB cSpayn"
  >
    <h1
      class="sc-gEvDqW"
    >
      Employee Polls
    </h1>
    <img
      alt="logo"
      class="sc-fqkwJk fjIODc"
      src="login-logo.png"
    />
    <h2
      class="sc-eqUzNf"
    >
      Login
    </h2>
    <form
      class="ant-form ant-form-horizontal css-dev-only-do-not-override-m4timi sc-iGgVNO hRBvRq"
      id="login_employee_form"
    >
      <div
        class="ant-form-item css-dev-only-do-not-override-m4timi"
      >
        <div
          class="ant-row ant-form-item-row css-dev-only-do-not-override-m4timi"
        >
          <div
            class="ant-col ant-form-item-control css-dev-only-do-not-override-m4timi"
          >
            <div
              class="ant-form-item-control-input"
            >
              <div
                class="ant-form-item-control-input-content"
              >
                <input
                  aria-required="true"
                  class="ant-input css-dev-only-do-not-override-m4timi ant-input-outlined"
                  id="login_employee_form_username"
                  placeholder="User"
                  type="text"
                  value="sarahedo"
                />
              </div>
            </div>
          </div>
        </div>
      </div>
      <div
        class="ant-form-item css-dev-only-do-not-override-m4timi"
      >
        <div
          class="ant-row ant-form-item-row css-dev-only-do-not-override-m4timi"
        >
          <div
            class="ant-col ant-form-item-control css-dev-only-do-not-override-m4timi"
          >
            <div
              class="ant-form-item-control-input"
            >
              <div
                class="ant-form-item-control-input-content"
              >
                <input
                  aria-required="true"
                  class="ant-input css-dev-only-do-not-override-m4timi ant-input-outlined"
                  id="login_employee_form_password"
                  placeholder="Password"
                  type="password"
                  value="password123"
                />
              </div>
            </div>
          </div>
        </div>
      </div>
      <div
        class="ant-form-item css-dev-only-do-not-override-m4timi"
      >
        <div
          class="ant-row ant-form-item-row css-dev-only-do-not-override-m4timi"
        >
          <div
            class="ant-col ant-form-item-control css-dev-only-do-not-override-m4timi"
          >
            <div
              class="ant-form-item-control-input"
            >
              <div
                class="ant-form-item-control-input-content"
              >
                <button
                  class="ant-btn css-dev-only-do-not-override-m4timi ant-btn-primary"
                  type="submit"
                >
                  <span>
                    Submit
                  </span>
                </button>
              </div>
            </div>
          </div>
        </div>
      </div>
    </form>
  </div>
</div>
`;

exports[`Login snapshot 1`] = `
<div>
  <div
    class="sc-aYaIB cSpayn"
  >
    <h1
      class="sc-gEvDqW"
    >
      Employee Polls
    </h1>
    <img
      alt="logo"
      class="sc-fqkwJk fjIODc"
      src="login-logo.png"
    />
    <h2
      class="sc-eqUzNf"
    >
      Login
    </h2>
    <form
      class="ant-form ant-form-horizontal css-dev-only-do-not-override-m4timi sc-iGgVNO hRBvRq"
      id="login_employee_form"
    >
      <div
        class="ant-form-item css-dev-only-do-not-override-m4timi"
      >
        <div
          class="ant-row ant-form-item-row css-dev-only-do-not-override-m4timi"
        >
          <div
            class="ant-col ant-form-item-control css-dev-only-do-not-override-m4timi"
          >
            <div
              class="ant-form-item-control-input"
            >
              <div
                class="ant-form-item-control-input-content"
              >
                <input
                  aria-required="true"
                  class="ant-input css-dev-only-do-not-override-m4timi ant-input-outlined"
                  id="login_employee_form_username"
                  placeholder="User"
                  type="text"
                  value="sarahedo"
                />
              </div>
            </div>
          </div>
        </div>
      </div>
      <div
        class="ant-form-item css-dev-only-do-not-override-m4timi"
      >
        <div
          class="ant-row ant-form-item-row css-dev-only-do-not-override-m4timi"
        >
          <div
            class="ant-col ant-form-item-control css-dev-only-do-not-override-m4timi"
          >
            <div
              class="ant-form-item-control-input"
            >
              <div
                class="ant-form-item-control-input-content"
              >
                <input
                  aria-required="true"
                  class="ant-input css-dev-only-do-not-override-m4timi ant-input-outlined"
                  id="login_employee_form_password"
                  placeholder="Password"
                  type="password"
                  value="password123"
                />
              </div>
            </div>
          </div>
        </div>
      </div>
      <div
        class="ant-form-item css-dev-only-do-not-override-m4timi"
      >
        <div
          class="ant-row ant-form-item-row css-dev-only-do-not-override-m4timi"
        >
          <div
            class="ant-col ant-form-item-control css-dev-only-do-not-override-m4timi"
          >
            <div
              class="ant-form-item-control-input"
            >
              <div
                class="ant-form-item-control-input-content"
              >
                <button
                  class="ant-btn css-dev-only-do-not-override-m4timi ant-btn-primary"
                  type="submit"
                >
                  <span>
                    Submit
                  </span>
                </button>
              </div>
            </div>
          </div>
        </div>
      </div>
    </form>
  </div>
</div>
`;
